-- allow 50% of the availabe CPU
ALTER SYSTEM SET pg_cgroups.cpu_share = 50000;
SELECT pg_reload_conf();
 pg_reload_conf 
----------------
 t
(1 row)

SELECT pg_sleep_for('0.3');
 pg_sleep_for 
--------------
 
(1 row)

SHOW pg_cgroups.cpu_share;
 pg_cgroups.cpu_share 
----------------------
 50000
(1 row)

-- reset
ALTER SYSTEM RESET pg_cgroups.cpu_share;
SELECT pg_reload_conf();
 pg_reload_conf 
----------------
 t
(1 row)

